// Jest Snapshot v1, https://goo.gl/fbAQLP

exports[`attest() has correct payload in JWT for an attestation 1`] = `Promise {}`;

exports[`configuration configNetworks if networks key is passed in it must contain configuration object 1`] = `"Network configuration object required"`;

exports[`configuration configNetworks should require a registry address 1`] = `"Malformed network config object, object must have 'registry' key specified."`;

exports[`configuration configNetworks should require a rpcUrl 1`] = `"Malformed network config object, object must have 'rpcUrl' key specified."`;

exports[`createRequest() has correct payload in JWT requesting unsupported accountType 1`] = `[Error: Unsupported accountType gold]`;
