// Jest Snapshot v1, https://goo.gl/fbAQLP

exports[`creates a JWT with correct format 1`] = `
Object {
  "header": Object {
    "alg": "ES256K",
    "typ": "JWT",
  },
  "payload": Object {
    "iat": 1485321133,
    "iss": "0x001122",
    "requested": Array [
      "name",
      "phone",
    ],
  },
  "signature": "Y9Uv6rI2tkJVgd3LZotg0L8LSaPfpkiHuysgpEeY1nJJREAWkaqSFFLi3Cjw4Me1-NkFt6CFGliwfJBnncaslg",
}
`;
